*** Using Compiler 'V5.06 update 7 (build 960)', folder: 'C:\Keil_v5\ARM\ARMCC\Bin'
Rebuild target 'TASK_RTOS'
Note: source file '../Middlewares/Third_Party/FreeRTOS/Source/croutine.c' - object file renamed from '.\TASK_RTOS\croutine.o' to '.\TASK_RTOS\croutine_1.o'.Note: source file '../Middlewares/Third_Party/FreeRTOS/Source/event_groups.c' - object file renamed from '.\TASK_RTOS\event_groups.o' to '.\TASK_RTOS\event_groups_1.o'.Note: source file '../Middlewares/Third_Party/FreeRTOS/Source/list.c' - object file renamed from '.\TASK_RTOS\list.o' to '.\TASK_RTOS\list_1.o'.Note: source file '../Middlewares/Third_Party/FreeRTOS/Source/queue.c' - object file renamed from '.\TASK_RTOS\queue.o' to '.\TASK_RTOS\queue_1.o'.Note: source file '../Middlewares/Third_Party/FreeRTOS/Source/stream_buffer.c' - object file renamed from '.\TASK_RTOS\stream_buffer.o' to '.\TASK_RTOS\stream_buffer_1.o'.Note: source file '../Middlewares/Third_Party/FreeRTOS/Source/tasks.c' - object file renamed from '.\TASK_RTOS\tasks.o' to '.\TASK_RTOS\tasks_1.o'.Note: source file '../Middlewares/Third_Party/FreeRTOS/Source/timers.c' - object file renamed from '.\TASK_RTOS\timers.o' to '.\TASK_RTOS\timers_1.o'.Note: source file '../Middlewares/Third_Party/FreeRTOS/Source/portable/MemMang/heap_4.c' - object file renamed from '.\TASK_RTOS\heap_4.o' to '.\TASK_RTOS\heap_4_1.o'.Note: source file '../Middlewares/Third_Party/FreeRTOS/Source/portable/RVDS/ARM_CM3/port.c' - object file renamed from '.\TASK_RTOS\port.o' to '.\TASK_RTOS\port_1.o'.assembling startup_stm32f103xb.s...
compiling gpio.c...
compiling stm32f1xx_hal_gpio_ex.c...
compiling stm32f1xx_it.c...
compiling freertos.c...
compiling stm32f1xx_hal_timebase_tim.c...
compiling stm32f1xx_hal.c...
compiling stm32f1xx_hal_rcc.c...
compiling stm32f1xx_hal_rcc_ex.c...
compiling stm32f1xx_hal_msp.c...
compiling main.c...
compiling stm32f1xx_hal_tim_ex.c...
compiling stm32f1xx_hal_tim.c...
compiling croutine.c...
compiling event_groups.c...
compiling list.c...
compiling queue.c...
compiling stream_buffer.c...
compiling timers.c...
compiling tasks.c...
compiling stm32f1xx_hal_gpio.c...
compiling heap_4.c...
compiling stm32f1xx_hal_flash.c...
compiling stm32f1xx_hal_exti.c...
compiling stm32f1xx_hal_flash_ex.c...
compiling stm32f1xx_hal_cortex.c...
compiling system_stm32f1xx.c...
compiling stm32f1xx_hal_dma.c...
compiling stm32f1xx_hal_pwr.c...
compiling port.c...
compiling cmsis_os2.c...
linking...
Program Size: Code=10236 RO-data=400 RW-data=164 ZI-data=10108  
FromELF: creating hex file...
".\TASK_RTOS\TASK_RTOS.axf" - 0 Error(s), 0 Warning(s).
Build Time Elapsed:  00:00:09
